src/App.tsx(47,54): error TS2307: Cannot find module '@google/genai' or its corresponding type declarations.
src/App.tsx(55,30): error TS6142: Module './components/ContactModal' was resolved to 'C:/Users/uditk/OneDrive/Desktop/New folder/Veloce Website/src/components/ContactModal.tsx', but '--jsx' is not set.
src/App.tsx(79,46): error TS2304: Cannot find name 'window'.
src/App.tsx(80,5): error TS2304: Cannot find name 'window'.
src/App.tsx(81,18): error TS2304: Cannot find name 'window'.
src/App.tsx(97,5): error TS17004: Cannot use JSX unless the '--jsx' flag is provided.
src/App.tsx(98,7): error TS17004: Cannot use JSX unless the '--jsx' flag is provided.
src/App.tsx(102,7): error TS17004: Cannot use JSX unless the '--jsx' flag is provided.
src/App.tsx(106,9): error TS17004: Cannot use JSX unless the '--jsx' flag is provided.
src/App.tsx(107,11): error TS17004: Cannot use JSX unless the '--jsx' flag is provided.
src/App.tsx(108,11): error TS17004: Cannot use JSX unless the '--jsx' flag is provided.
src/App.tsx(109,13): error TS17004: Cannot use JSX unless the '--jsx' flag is provided.
src/App.tsx(110,13): error TS17004: Cannot use JSX unless the '--jsx' flag is provided.
src/App.tsx(111,13): error TS17004: Cannot use JSX unless the '--jsx' flag is provided.
src/App.tsx(112,13): error TS17004: Cannot use JSX unless the '--jsx' flag is provided.
src/App.tsx(116,9): error TS17004: Cannot use JSX unless the '--jsx' flag is provided.
src/App.tsx(117,11): error TS17004: Cannot use JSX unless the '--jsx' flag is provided.
src/App.tsx(118,23): error TS17004: Cannot use JSX unless the '--jsx' flag is provided.
src/App.tsx(118,43): error TS17004: Cannot use JSX unless the '--jsx' flag is provided.
src/App.tsx(120,11): error TS17004: Cannot use JSX unless the '--jsx' flag is provided.
src/App.tsx(128,13): error TS17004: Cannot use JSX unless the '--jsx' flag is provided.
src/App.tsx(130,15): error TS17004: Cannot use JSX unless the '--jsx' flag is provided.
src/App.tsx(135,11): error TS17004: Cannot use JSX unless the '--jsx' flag is provided.
src/App.tsx(139,27): error TS17004: Cannot use JSX unless the '--jsx' flag is provided.
src/App.tsx(139,45): error TS17004: Cannot use JSX unless the '--jsx' flag is provided.
src/App.tsx(143,9): error TS17004: Cannot use JSX unless the '--jsx' flag is provided.
src/App.tsx(145,13): error TS17004: Cannot use JSX unless the '--jsx' flag is provided.
src/App.tsx(151,15): error TS17004: Cannot use JSX unless the '--jsx' flag is provided.
src/App.tsx(151,127): error TS17004: Cannot use JSX unless the '--jsx' flag is provided.
src/App.tsx(152,15): error TS17004: Cannot use JSX unless the '--jsx' flag is provided.
src/App.tsx(153,15): error TS17004: Cannot use JSX unless the '--jsx' flag is provided.
src/App.tsx(154,15): error TS17004: Cannot use JSX unless the '--jsx' flag is provided.
src/App.tsx(155,15): error TS17004: Cannot use JSX unless the '--jsx' flag is provided.
src/App.tsx(156,15): error TS17004: Cannot use JSX unless the '--jsx' flag is provided.
src/App.tsx(184,5): error TS17004: Cannot use JSX unless the '--jsx' flag is provided.
src/App.tsx(185,7): error TS17004: Cannot use JSX unless the '--jsx' flag is provided.
src/App.tsx(186,9): error TS17004: Cannot use JSX unless the '--jsx' flag is provided.
src/App.tsx(187,11): error TS17004: Cannot use JSX unless the '--jsx' flag is provided.
src/App.tsx(202,13): error TS17004: Cannot use JSX unless the '--jsx' flag is provided.
src/App.tsx(204,11): error TS17004: Cannot use JSX unless the '--jsx' flag is provided.
src/App.tsx(207,9): error TS17004: Cannot use JSX unless the '--jsx' flag is provided.
src/App.tsx(211,11): error TS17004: Cannot use JSX unless the '--jsx' flag is provided.
src/App.tsx(216,13): error TS17004: Cannot use JSX unless the '--jsx' flag is provided.
src/App.tsx(217,13): error TS17004: Cannot use JSX unless the '--jsx' flag is provided.
src/App.tsx(222,11): error TS17004: Cannot use JSX unless the '--jsx' flag is provided.
src/App.tsx(228,31): error TS17004: Cannot use JSX unless the '--jsx' flag is provided.
src/App.tsx(229,13): error TS17004: Cannot use JSX unless the '--jsx' flag is provided.
src/App.tsx(232,11): error TS17004: Cannot use JSX unless the '--jsx' flag is provided.
src/App.tsx(241,11): error TS17004: Cannot use JSX unless the '--jsx' flag is provided.
src/App.tsx(247,13): error TS17004: Cannot use JSX unless the '--jsx' flag is provided.
src/App.tsx(248,15): error TS17004: Cannot use JSX unless the '--jsx' flag is provided.
src/App.tsx(249,15): error TS17004: Cannot use JSX unless the '--jsx' flag is provided.
src/App.tsx(250,15): error TS17004: Cannot use JSX unless the '--jsx' flag is provided.
src/App.tsx(251,15): error TS17004: Cannot use JSX unless the '--jsx' flag is provided.
src/App.tsx(252,15): error TS17004: Cannot use JSX unless the '--jsx' flag is provided.
src/App.tsx(254,13): error TS17004: Cannot use JSX unless the '--jsx' flag is provided.
src/App.tsx(257,11): error TS17004: Cannot use JSX unless the '--jsx' flag is provided.
src/App.tsx(263,13): error TS17004: Cannot use JSX unless the '--jsx' flag is provided.
src/App.tsx(264,13): error TS17004: Cannot use JSX unless the '--jsx' flag is provided.
src/App.tsx(274,5): error TS17004: Cannot use JSX unless the '--jsx' flag is provided.
src/App.tsx(275,7): error TS17004: Cannot use JSX unless the '--jsx' flag is provided.
src/App.tsx(277,9): error TS17004: Cannot use JSX unless the '--jsx' flag is provided.
src/App.tsx(278,11): error TS17004: Cannot use JSX unless the '--jsx' flag is provided.
src/App.tsx(283,11): error TS17004: Cannot use JSX unless the '--jsx' flag is provided.
src/App.tsx(284,11): error TS17004: Cannot use JSX unless the '--jsx' flag is provided.
src/App.tsx(285,13): error TS17004: Cannot use JSX unless the '--jsx' flag is provided.
src/App.tsx(286,13): error TS17004: Cannot use JSX unless the '--jsx' flag is provided.
src/App.tsx(287,13): error TS17004: Cannot use JSX unless the '--jsx' flag is provided.
src/App.tsx(288,13): error TS17004: Cannot use JSX unless the '--jsx' flag is provided.
src/App.tsx(293,9): error TS17004: Cannot use JSX unless the '--jsx' flag is provided.
src/App.tsx(294,11): error TS17004: Cannot use JSX unless the '--jsx' flag is provided.
src/App.tsx(299,11): error TS17004: Cannot use JSX unless the '--jsx' flag is provided.
src/App.tsx(300,11): error TS17004: Cannot use JSX unless the '--jsx' flag is provided.
src/App.tsx(301,13): error TS17004: Cannot use JSX unless the '--jsx' flag is provided.
src/App.tsx(302,13): error TS17004: Cannot use JSX unless the '--jsx' flag is provided.
src/App.tsx(303,13): error TS17004: Cannot use JSX unless the '--jsx' flag is provided.
src/App.tsx(308,9): error TS17004: Cannot use JSX unless the '--jsx' flag is provided.
src/App.tsx(309,11): error TS17004: Cannot use JSX unless the '--jsx' flag is provided.
src/App.tsx(314,11): error TS17004: Cannot use JSX unless the '--jsx' flag is provided.
src/App.tsx(315,11): error TS17004: Cannot use JSX unless the '--jsx' flag is provided.
src/App.tsx(316,13): error TS17004: Cannot use JSX unless the '--jsx' flag is provided.
src/App.tsx(317,15): error TS17004: Cannot use JSX unless the '--jsx' flag is provided.
src/App.tsx(319,13): error TS17004: Cannot use JSX unless the '--jsx' flag is provided.
src/App.tsx(320,15): error TS17004: Cannot use JSX unless the '--jsx' flag is provided.
src/App.tsx(321,15): error TS17004: Cannot use JSX unless the '--jsx' flag is provided.
src/App.tsx(322,15): error TS17004: Cannot use JSX unless the '--jsx' flag is provided.
src/App.tsx(328,9): error TS17004: Cannot use JSX unless the '--jsx' flag is provided.
src/App.tsx(329,11): error TS17004: Cannot use JSX unless the '--jsx' flag is provided.
src/App.tsx(334,11): error TS17004: Cannot use JSX unless the '--jsx' flag is provided.
src/App.tsx(335,11): error TS17004: Cannot use JSX unless the '--jsx' flag is provided.
src/App.tsx(336,13): error TS17004: Cannot use JSX unless the '--jsx' flag is provided.
src/App.tsx(337,15): error TS17004: Cannot use JSX unless the '--jsx' flag is provided.
src/App.tsx(339,13): error TS17004: Cannot use JSX unless the '--jsx' flag is provided.
src/App.tsx(340,15): error TS17004: Cannot use JSX unless the '--jsx' flag is provided.
src/App.tsx(341,15): error TS17004: Cannot use JSX unless the '--jsx' flag is provided.
src/App.tsx(342,15): error TS17004: Cannot use JSX unless the '--jsx' flag is provided.
src/App.tsx(353,5): error TS17004: Cannot use JSX unless the '--jsx' flag is provided.
src/App.tsx(354,7): error TS17004: Cannot use JSX unless the '--jsx' flag is provided.
src/App.tsx(355,9): error TS17004: Cannot use JSX unless the '--jsx' flag is provided.
src/App.tsx(356,11): error TS17004: Cannot use JSX unless the '--jsx' flag is provided.
src/App.tsx(357,11): error TS17004: Cannot use JSX unless the '--jsx' flag is provided.
src/App.tsx(359,9): error TS17004: Cannot use JSX unless the '--jsx' flag is provided.
src/App.tsx(363,7): error TS17004: Cannot use JSX unless the '--jsx' flag is provided.
src/App.tsx(365,11): error TS17004: Cannot use JSX unless the '--jsx' flag is provided.
src/App.tsx(370,13): error TS17004: Cannot use JSX unless the '--jsx' flag is provided.
src/App.tsx(371,15): error TS17004: Cannot use JSX unless the '--jsx' flag is provided.
src/App.tsx(372,15): error TS17004: Cannot use JSX unless the '--jsx' flag is provided.
src/App.tsx(373,15): error TS17004: Cannot use JSX unless the '--jsx' flag is provided.
src/App.tsx(374,17): error TS17004: Cannot use JSX unless the '--jsx' flag is provided.
src/App.tsx(375,17): error TS17004: Cannot use JSX unless the '--jsx' flag is provided.
src/App.tsx(376,19): error TS17004: Cannot use JSX unless the '--jsx' flag is provided.
src/App.tsx(380,15): error TS17004: Cannot use JSX unless the '--jsx' flag is provided.
src/App.tsx(381,17): error TS17004: Cannot use JSX unless the '--jsx' flag is provided.
src/App.tsx(392,13): error TS17004: Cannot use JSX unless the '--jsx' flag is provided.
src/App.tsx(393,15): error TS17004: Cannot use JSX unless the '--jsx' flag is provided.
src/App.tsx(394,17): error TS17004: Cannot use JSX unless the '--jsx' flag is provided.
src/App.tsx(395,17): error TS17004: Cannot use JSX unless the '--jsx' flag is provided.
src/App.tsx(397,15): error TS17004: Cannot use JSX unless the '--jsx' flag is provided.
src/App.tsx(398,17): error TS17004: Cannot use JSX unless the '--jsx' flag is provided.
src/App.tsx(406,7): error TS17004: Cannot use JSX unless the '--jsx' flag is provided.
src/App.tsx(408,11): error TS17004: Cannot use JSX unless the '--jsx' flag is provided.
src/App.tsx(414,13): error TS17004: Cannot use JSX unless the '--jsx' flag is provided.
src/App.tsx(415,15): error TS17004: Cannot use JSX unless the '--jsx' flag is provided.
src/App.tsx(416,15): error TS17004: Cannot use JSX unless the '--jsx' flag is provided.
src/App.tsx(417,15): error TS17004: Cannot use JSX unless the '--jsx' flag is provided.
src/App.tsx(418,17): error TS17004: Cannot use JSX unless the '--jsx' flag is provided.
src/App.tsx(419,17): error TS17004: Cannot use JSX unless the '--jsx' flag is provided.
src/App.tsx(420,19): error TS17004: Cannot use JSX unless the '--jsx' flag is provided.
src/App.tsx(424,15): error TS17004: Cannot use JSX unless the '--jsx' flag is provided.
src/App.tsx(425,17): error TS17004: Cannot use JSX unless the '--jsx' flag is provided.
src/App.tsx(436,13): error TS17004: Cannot use JSX unless the '--jsx' flag is provided.
src/App.tsx(437,15): error TS17004: Cannot use JSX unless the '--jsx' flag is provided.
src/App.tsx(438,17): error TS17004: Cannot use JSX unless the '--jsx' flag is provided.
src/App.tsx(439,17): error TS17004: Cannot use JSX unless the '--jsx' flag is provided.
src/App.tsx(441,15): error TS17004: Cannot use JSX unless the '--jsx' flag is provided.
src/App.tsx(442,17): error TS17004: Cannot use JSX unless the '--jsx' flag is provided.
src/App.tsx(454,5): error TS17004: Cannot use JSX unless the '--jsx' flag is provided.
src/App.tsx(455,7): error TS17004: Cannot use JSX unless the '--jsx' flag is provided.
src/App.tsx(456,9): error TS17004: Cannot use JSX unless the '--jsx' flag is provided.
src/App.tsx(457,9): error TS17004: Cannot use JSX unless the '--jsx' flag is provided.
src/App.tsx(463,7): error TS17004: Cannot use JSX unless the '--jsx' flag is provided.
src/App.tsx(465,11): error TS17004: Cannot use JSX unless the '--jsx' flag is provided.
src/App.tsx(466,13): error TS17004: Cannot use JSX unless the '--jsx' flag is provided.
src/App.tsx(467,15): error TS17004: Cannot use JSX unless the '--jsx' flag is provided.
src/App.tsx(468,15): error TS17004: Cannot use JSX unless the '--jsx' flag is provided.
src/App.tsx(469,15): error TS17004: Cannot use JSX unless the '--jsx' flag is provided.
src/App.tsx(471,13): error TS17004: Cannot use JSX unless the '--jsx' flag is provided.
src/App.tsx(472,15): error TS17004: Cannot use JSX unless the '--jsx' flag is provided.
src/App.tsx(473,15): error TS17004: Cannot use JSX unless the '--jsx' flag is provided.
src/App.tsx(474,17): error TS17004: Cannot use JSX unless the '--jsx' flag is provided.
src/App.tsx(475,17): error TS17004: Cannot use JSX unless the '--jsx' flag is provided.
src/App.tsx(482,7): error TS17004: Cannot use JSX unless the '--jsx' flag is provided.
src/App.tsx(483,9): error TS17004: Cannot use JSX unless the '--jsx' flag is provided.
src/App.tsx(484,11): error TS17004: Cannot use JSX unless the '--jsx' flag is provided.
src/App.tsx(485,11): error TS17004: Cannot use JSX unless the '--jsx' flag is provided.
src/App.tsx(486,13): error TS17004: Cannot use JSX unless the '--jsx' flag is provided.
src/App.tsx(487,13): error TS17004: Cannot use JSX unless the '--jsx' flag is provided.
src/App.tsx(490,9): error TS17004: Cannot use JSX unless the '--jsx' flag is provided.
src/App.tsx(491,11): error TS17004: Cannot use JSX unless the '--jsx' flag is provided.
src/App.tsx(503,58): error TS2339: Property 'getBoundingClientRect' does not exist on type 'EventTarget & HTMLDivElement'.
src/App.tsx(510,5): error TS17004: Cannot use JSX unless the '--jsx' flag is provided.
src/App.tsx(516,7): error TS17004: Cannot use JSX unless the '--jsx' flag is provided.
src/App.tsx(528,7): error TS17004: Cannot use JSX unless the '--jsx' flag is provided.
src/App.tsx(529,9): error TS17004: Cannot use JSX unless the '--jsx' flag is provided.
src/App.tsx(566,5): error TS17004: Cannot use JSX unless the '--jsx' flag is provided.
src/App.tsx(579,7): error TS17004: Cannot use JSX unless the '--jsx' flag is provided.
src/App.tsx(584,7): error TS17004: Cannot use JSX unless the '--jsx' flag is provided.
src/App.tsx(585,9): error TS17004: Cannot use JSX unless the '--jsx' flag is provided.
src/App.tsx(612,5): error TS17004: Cannot use JSX unless the '--jsx' flag is provided.
src/App.tsx(613,7): error TS17004: Cannot use JSX unless the '--jsx' flag is provided.
src/App.tsx(614,9): error TS17004: Cannot use JSX unless the '--jsx' flag is provided.
src/App.tsx(615,11): error TS17004: Cannot use JSX unless the '--jsx' flag is provided.
src/App.tsx(617,9): error TS17004: Cannot use JSX unless the '--jsx' flag is provided.
src/App.tsx(618,11): error TS17004: Cannot use JSX unless the '--jsx' flag is provided.
src/App.tsx(624,11): error TS17004: Cannot use JSX unless the '--jsx' flag is provided.
src/App.tsx(633,7): error TS17004: Cannot use JSX unless the '--jsx' flag is provided.
src/App.tsx(635,9): error TS17004: Cannot use JSX unless the '--jsx' flag is provided.
src/App.tsx(636,11): error TS17004: Cannot use JSX unless the '--jsx' flag is provided.
src/App.tsx(638,15): error TS17004: Cannot use JSX unless the '--jsx' flag is provided.
src/App.tsx(640,15): error TS17004: Cannot use JSX unless the '--jsx' flag is provided.
src/App.tsx(644,13): error TS17004: Cannot use JSX unless the '--jsx' flag is provided.
src/App.tsx(645,15): error TS17004: Cannot use JSX unless the '--jsx' flag is provided.
src/App.tsx(646,15): error TS17004: Cannot use JSX unless the '--jsx' flag is provided.
src/App.tsx(654,9): error TS17004: Cannot use JSX unless the '--jsx' flag is provided.
src/App.tsx(655,11): error TS17004: Cannot use JSX unless the '--jsx' flag is provided.
src/App.tsx(656,13): error TS17004: Cannot use JSX unless the '--jsx' flag is provided.
src/App.tsx(657,15): error TS17004: Cannot use JSX unless the '--jsx' flag is provided.
src/App.tsx(658,15): error TS17004: Cannot use JSX unless the '--jsx' flag is provided.
src/App.tsx(659,17): error TS17004: Cannot use JSX unless the '--jsx' flag is provided.
src/App.tsx(663,13): error TS17004: Cannot use JSX unless the '--jsx' flag is provided.
src/App.tsx(664,15): error TS17004: Cannot use JSX unless the '--jsx' flag is provided.
src/App.tsx(665,15): error TS17004: Cannot use JSX unless the '--jsx' flag is provided.
src/App.tsx(667,13): error TS17004: Cannot use JSX unless the '--jsx' flag is provided.
src/App.tsx(670,11): error TS17004: Cannot use JSX unless the '--jsx' flag is provided.
src/App.tsx(672,11): error TS17004: Cannot use JSX unless the '--jsx' flag is provided.
src/App.tsx(673,13): error TS17004: Cannot use JSX unless the '--jsx' flag is provided.
src/App.tsx(674,15): error TS17004: Cannot use JSX unless the '--jsx' flag is provided.
src/App.tsx(675,52): error TS17004: Cannot use JSX unless the '--jsx' flag is provided.
src/App.tsx(677,15): error TS17004: Cannot use JSX unless the '--jsx' flag is provided.
src/App.tsx(678,32): error TS2304: Cannot find name 'alert'.
src/App.tsx(685,13): error TS17004: Cannot use JSX unless the '--jsx' flag is provided.
src/App.tsx(687,17): error TS17004: Cannot use JSX unless the '--jsx' flag is provided.
src/App.tsx(697,19): error TS17004: Cannot use JSX unless the '--jsx' flag is provided.
src/App.tsx(704,11): error TS17004: Cannot use JSX unless the '--jsx' flag is provided.
src/App.tsx(705,13): error TS17004: Cannot use JSX unless the '--jsx' flag is provided.
src/App.tsx(713,15): error TS17004: Cannot use JSX unless the '--jsx' flag is provided.
src/App.tsx(715,19): error TS17004: Cannot use JSX unless the '--jsx' flag is provided.
src/App.tsx(715,21): error TS17004: Cannot use JSX unless the '--jsx' flag is provided.
src/App.tsx(717,19): error TS17004: Cannot use JSX unless the '--jsx' flag is provided.
src/App.tsx(717,21): error TS17004: Cannot use JSX unless the '--jsx' flag is provided.
src/App.tsx(725,11): error TS17004: Cannot use JSX unless the '--jsx' flag is provided.
src/App.tsx(727,23): error TS17004: Cannot use JSX unless the '--jsx' flag is provided.
src/App.tsx(728,23): error TS17004: Cannot use JSX unless the '--jsx' flag is provided.
src/App.tsx(729,23): error TS17004: Cannot use JSX unless the '--jsx' flag is provided.
src/App.tsx(730,23): error TS17004: Cannot use JSX unless the '--jsx' flag is provided.
src/App.tsx(732,15): error TS17004: Cannot use JSX unless the '--jsx' flag is provided.
src/App.tsx(733,17): error TS17004: Cannot use JSX unless the '--jsx' flag is provided.
src/App.tsx(734,17): error TS17004: Cannot use JSX unless the '--jsx' flag is provided.
src/App.tsx(735,17): error TS17004: Cannot use JSX unless the '--jsx' flag is provided.
src/App.tsx(741,11): error TS17004: Cannot use JSX unless the '--jsx' flag is provided.
src/App.tsx(745,19): error TS17004: Cannot use JSX unless the '--jsx' flag is provided.
src/App.tsx(747,23): error TS17004: Cannot use JSX unless the '--jsx' flag is provided.
src/App.tsx(748,25): error TS17004: Cannot use JSX unless the '--jsx' flag is provided.
src/App.tsx(749,25): error TS17004: Cannot use JSX unless the '--jsx' flag is provided.
src/App.tsx(757,19): error TS17004: Cannot use JSX unless the '--jsx' flag is provided.
src/App.tsx(758,21): error TS17004: Cannot use JSX unless the '--jsx' flag is provided.
src/App.tsx(759,23): error TS17004: Cannot use JSX unless the '--jsx' flag is provided.
src/App.tsx(760,23): error TS17004: Cannot use JSX unless the '--jsx' flag is provided.
src/App.tsx(761,25): error TS17004: Cannot use JSX unless the '--jsx' flag is provided.
src/App.tsx(762,25): error TS17004: Cannot use JSX unless the '--jsx' flag is provided.
src/App.tsx(765,21): error TS17004: Cannot use JSX unless the '--jsx' flag is provided.
src/App.tsx(766,23): error TS17004: Cannot use JSX unless the '--jsx' flag is provided.
src/App.tsx(767,23): error TS17004: Cannot use JSX unless the '--jsx' flag is provided.
src/App.tsx(768,25): error TS17004: Cannot use JSX unless the '--jsx' flag is provided.
src/App.tsx(769,25): error TS17004: Cannot use JSX unless the '--jsx' flag is provided.
src/App.tsx(777,19): error TS17004: Cannot use JSX unless the '--jsx' flag is provided.
src/App.tsx(783,15): error TS17004: Cannot use JSX unless the '--jsx' flag is provided.
src/App.tsx(784,17): error TS17004: Cannot use JSX unless the '--jsx' flag is provided.
src/App.tsx(788,19): error TS17004: Cannot use JSX unless the '--jsx' flag is provided.
src/App.tsx(789,19): error TS17004: Cannot use JSX unless the '--jsx' flag is provided.
src/App.tsx(790,21): error TS17004: Cannot use JSX unless the '--jsx' flag is provided.
src/App.tsx(793,17): error TS17004: Cannot use JSX unless the '--jsx' flag is provided.
src/App.tsx(795,21): error TS17004: Cannot use JSX unless the '--jsx' flag is provided.
src/App.tsx(810,11): error TS17004: Cannot use JSX unless the '--jsx' flag is provided.
src/App.tsx(811,13): error TS17004: Cannot use JSX unless the '--jsx' flag is provided.
src/App.tsx(812,13): error TS17004: Cannot use JSX unless the '--jsx' flag is provided.
src/App.tsx(814,17): error TS17004: Cannot use JSX unless the '--jsx' flag is provided.
src/App.tsx(814,73): error TS2304: Cannot find name 'setPage'.
src/App.tsx(814,89): error TS2304: Cannot find name 'window'.
src/App.tsx(815,19): error TS17004: Cannot use JSX unless the '--jsx' flag is provided.
src/App.tsx(816,21): error TS17004: Cannot use JSX unless the '--jsx' flag is provided.
src/App.tsx(818,19): error TS17004: Cannot use JSX unless the '--jsx' flag is provided.
src/App.tsx(819,19): error TS17004: Cannot use JSX unless the '--jsx' flag is provided.
src/App.tsx(839,27): error TS2339: Property 'files' does not exist on type 'EventTarget & HTMLInputElement'.
src/App.tsx(862,5): error TS17004: Cannot use JSX unless the '--jsx' flag is provided.
src/App.tsx(863,7): error TS17004: Cannot use JSX unless the '--jsx' flag is provided.
src/App.tsx(864,9): error TS17004: Cannot use JSX unless the '--jsx' flag is provided.
src/App.tsx(865,9): error TS17004: Cannot use JSX unless the '--jsx' flag is provided.
src/App.tsx(870,7): error TS17004: Cannot use JSX unless the '--jsx' flag is provided.
src/App.tsx(872,11): error TS17004: Cannot use JSX unless the '--jsx' flag is provided.
src/App.tsx(873,13): error TS17004: Cannot use JSX unless the '--jsx' flag is provided.
src/App.tsx(874,15): error TS17004: Cannot use JSX unless the '--jsx' flag is provided.
src/App.tsx(876,13): error TS17004: Cannot use JSX unless the '--jsx' flag is provided.
src/App.tsx(877,13): error TS17004: Cannot use JSX unless the '--jsx' flag is provided.
src/App.tsx(878,13): error TS17004: Cannot use JSX unless the '--jsx' flag is provided.
src/App.tsx(885,13): error TS17004: Cannot use JSX unless the '--jsx' flag is provided.
src/App.tsx(886,52): error TS2812: Property 'click' does not exist on type 'HTMLInputElement'. Try changing the 'lib' compiler option to include 'dom'.
src/App.tsx(891,13): error TS17004: Cannot use JSX unless the '--jsx' flag is provided.
src/App.tsx(892,15): error TS17004: Cannot use JSX unless the '--jsx' flag is provided.
src/App.tsx(893,15): error TS17004: Cannot use JSX unless the '--jsx' flag is provided.
src/App.tsx(899,11): error TS17004: Cannot use JSX unless the '--jsx' flag is provided.
src/App.tsx(900,13): error TS17004: Cannot use JSX unless the '--jsx' flag is provided.
src/App.tsx(901,15): error TS17004: Cannot use JSX unless the '--jsx' flag is provided.
src/App.tsx(902,15): error TS17004: Cannot use JSX unless the '--jsx' flag is provided.
src/App.tsx(903,17): error TS17004: Cannot use JSX unless the '--jsx' flag is provided.
src/App.tsx(905,15): error TS17004: Cannot use JSX unless the '--jsx' flag is provided.
src/App.tsx(907,15): error TS17004: Cannot use JSX unless the '--jsx' flag is provided.
src/App.tsx(909,13): error TS17004: Cannot use JSX unless the '--jsx' flag is provided.
src/App.tsx(910,13): error TS17004: Cannot use JSX unless the '--jsx' flag is provided.
src/App.tsx(915,11): error TS17004: Cannot use JSX unless the '--jsx' flag is provided.
src/App.tsx(916,13): error TS17004: Cannot use JSX unless the '--jsx' flag is provided.
src/App.tsx(917,15): error TS17004: Cannot use JSX unless the '--jsx' flag is provided.
src/App.tsx(918,17): error TS17004: Cannot use JSX unless the '--jsx' flag is provided.
src/App.tsx(920,15): error TS17004: Cannot use JSX unless the '--jsx' flag is provided.
src/App.tsx(921,15): error TS17004: Cannot use JSX unless the '--jsx' flag is provided.
src/App.tsx(924,15): error TS17004: Cannot use JSX unless the '--jsx' flag is provided.
src/App.tsx(925,17): error TS17004: Cannot use JSX unless the '--jsx' flag is provided.
src/App.tsx(931,17): error TS17004: Cannot use JSX unless the '--jsx' flag is provided.
src/App.tsx(937,13): error TS17004: Cannot use JSX unless the '--jsx' flag is provided.
src/App.tsx(938,15): error TS17004: Cannot use JSX unless the '--jsx' flag is provided.
src/App.tsx(939,17): error TS17004: Cannot use JSX unless the '--jsx' flag is provided.
src/App.tsx(940,17): error TS17004: Cannot use JSX unless the '--jsx' flag is provided.
src/App.tsx(941,17): error TS17004: Cannot use JSX unless the '--jsx' flag is provided.
src/App.tsx(942,19): error TS17004: Cannot use JSX unless the '--jsx' flag is provided.
src/App.tsx(943,19): error TS17004: Cannot use JSX unless the '--jsx' flag is provided.
src/App.tsx(945,17): error TS17004: Cannot use JSX unless the '--jsx' flag is provided.
src/App.tsx(946,19): error TS17004: Cannot use JSX unless the '--jsx' flag is provided.
src/App.tsx(964,27): error TS2584: Cannot find name 'document'. Do you need to change your target library? Try changing the 'lib' compiler option to include 'dom'.
src/App.tsx(964,67): error TS2304: Cannot find name 'window'.
src/App.tsx(965,25): error TS2304: Cannot find name 'window'.
src/App.tsx(969,5): error TS2304: Cannot find name 'window'.
src/App.tsx(970,18): error TS2304: Cannot find name 'window'.
src/App.tsx(981,5): error TS17004: Cannot use JSX unless the '--jsx' flag is provided.
src/App.tsx(983,7): error TS17004: Cannot use JSX unless the '--jsx' flag is provided.
src/App.tsx(984,9): error TS17004: Cannot use JSX unless the '--jsx' flag is provided.
src/App.tsx(991,7): error TS17004: Cannot use JSX unless the '--jsx' flag is provided.
src/App.tsx(992,9): error TS17004: Cannot use JSX unless the '--jsx' flag is provided.
src/App.tsx(997,25): error TS17004: Cannot use JSX unless the '--jsx' flag is provided.
src/App.tsx(997,45): error TS17004: Cannot use JSX unless the '--jsx' flag is provided.
src/App.tsx(999,9): error TS17004: Cannot use JSX unless the '--jsx' flag is provided.
src/App.tsx(1000,9): error TS17004: Cannot use JSX unless the '--jsx' flag is provided.
src/App.tsx(1006,9): error TS17004: Cannot use JSX unless the '--jsx' flag is provided.
src/App.tsx(1012,9): error TS17004: Cannot use JSX unless the '--jsx' flag is provided.
src/App.tsx(1020,7): error TS17004: Cannot use JSX unless the '--jsx' flag is provided.
src/App.tsx(1021,9): error TS17004: Cannot use JSX unless the '--jsx' flag is provided.
src/App.tsx(1022,11): error TS17004: Cannot use JSX unless the '--jsx' flag is provided.
src/App.tsx(1025,9): error TS17004: Cannot use JSX unless the '--jsx' flag is provided.
src/App.tsx(1026,11): error TS17004: Cannot use JSX unless the '--jsx' flag is provided.
src/App.tsx(1027,11): error TS17004: Cannot use JSX unless the '--jsx' flag is provided.
src/App.tsx(1028,13): error TS17004: Cannot use JSX unless the '--jsx' flag is provided.
src/App.tsx(1032,9): error TS17004: Cannot use JSX unless the '--jsx' flag is provided.
src/App.tsx(1033,11): error TS17004: Cannot use JSX unless the '--jsx' flag is provided.
src/App.tsx(1036,9): error TS17004: Cannot use JSX unless the '--jsx' flag is provided.
src/App.tsx(1037,11): error TS17004: Cannot use JSX unless the '--jsx' flag is provided.
src/App.tsx(1038,11): error TS17004: Cannot use JSX unless the '--jsx' flag is provided.
src/App.tsx(1085,5): error TS17004: Cannot use JSX unless the '--jsx' flag is provided.
src/App.tsx(1086,7): error TS17004: Cannot use JSX unless the '--jsx' flag is provided.
src/App.tsx(1087,7): error TS17004: Cannot use JSX unless the '--jsx' flag is provided.
src/App.tsx(1088,7): error TS17004: Cannot use JSX unless the '--jsx' flag is provided.
src/App.tsx(1089,9): error TS17004: Cannot use JSX unless the '--jsx' flag is provided.
src/App.tsx(1090,9): error TS17004: Cannot use JSX unless the '--jsx' flag is provided.
src/App.tsx(1092,13): error TS17004: Cannot use JSX unless the '--jsx' flag is provided.
src/App.tsx(1101,9): error TS17004: Cannot use JSX unless the '--jsx' flag is provided.
src/App.tsx(1102,11): error TS17004: Cannot use JSX unless the '--jsx' flag is provided.
src/App.tsx(1103,11): error TS17004: Cannot use JSX unless the '--jsx' flag is provided.
src/App.tsx(1105,15): error TS17004: Cannot use JSX unless the '--jsx' flag is provided.
src/App.tsx(1118,5): error TS17004: Cannot use JSX unless the '--jsx' flag is provided.
src/App.tsx(1119,7): error TS17004: Cannot use JSX unless the '--jsx' flag is provided.
src/App.tsx(1120,9): error TS17004: Cannot use JSX unless the '--jsx' flag is provided.
src/App.tsx(1121,11): error TS17004: Cannot use JSX unless the '--jsx' flag is provided.
src/App.tsx(1122,11): error TS17004: Cannot use JSX unless the '--jsx' flag is provided.
src/App.tsx(1123,11): error TS17004: Cannot use JSX unless the '--jsx' flag is provided.
src/App.tsx(1124,13): error TS17004: Cannot use JSX unless the '--jsx' flag is provided.
src/App.tsx(1124,39): error TS2304: Cannot find name 'window'.
src/App.tsx(1125,13): error TS17004: Cannot use JSX unless the '--jsx' flag is provided.
src/App.tsx(1125,37): error TS2304: Cannot find name 'window'.
src/App.tsx(1126,13): error TS17004: Cannot use JSX unless the '--jsx' flag is provided.
src/App.tsx(1126,38): error TS2304: Cannot find name 'window'.
src/App.tsx(1129,9): error TS17004: Cannot use JSX unless the '--jsx' flag is provided.
src/App.tsx(1130,11): error TS17004: Cannot use JSX unless the '--jsx' flag is provided.
src/App.tsx(1131,11): error TS17004: Cannot use JSX unless the '--jsx' flag is provided.
src/App.tsx(1132,13): error TS17004: Cannot use JSX unless the '--jsx' flag is provided.
src/App.tsx(1132,51): error TS2304: Cannot find name 'window'.
src/App.tsx(1133,13): error TS17004: Cannot use JSX unless the '--jsx' flag is provided.
src/App.tsx(1133,51): error TS2304: Cannot find name 'window'.
src/App.tsx(1134,13): error TS17004: Cannot use JSX unless the '--jsx' flag is provided.
src/App.tsx(1134,51): error TS2304: Cannot find name 'window'.
src/App.tsx(1135,13): error TS17004: Cannot use JSX unless the '--jsx' flag is provided.
src/App.tsx(1135,56): error TS2304: Cannot find name 'window'.
src/App.tsx(1135,175): error TS17004: Cannot use JSX unless the '--jsx' flag is provided.
src/App.tsx(1138,9): error TS17004: Cannot use JSX unless the '--jsx' flag is provided.
src/App.tsx(1139,11): error TS17004: Cannot use JSX unless the '--jsx' flag is provided.
src/App.tsx(1140,11): error TS17004: Cannot use JSX unless the '--jsx' flag is provided.
src/App.tsx(1141,13): error TS17004: Cannot use JSX unless the '--jsx' flag is provided.
src/App.tsx(1142,13): error TS17004: Cannot use JSX unless the '--jsx' flag is provided.
src/App.tsx(1143,13): error TS17004: Cannot use JSX unless the '--jsx' flag is provided.
src/App.tsx(1143,139): error TS2304: Cannot find name 'window'.
src/App.tsx(1144,13): error TS17004: Cannot use JSX unless the '--jsx' flag is provided.
src/App.tsx(1148,7): error TS17004: Cannot use JSX unless the '--jsx' flag is provided.
src/App.tsx(1149,9): error TS17004: Cannot use JSX unless the '--jsx' flag is provided.
src/App.tsx(1150,9): error TS17004: Cannot use JSX unless the '--jsx' flag is provided.
src/App.tsx(1151,11): error TS17004: Cannot use JSX unless the '--jsx' flag is provided.
src/App.tsx(1152,13): error TS17004: Cannot use JSX unless the '--jsx' flag is provided.
src/App.tsx(1152,191): error TS17004: Cannot use JSX unless the '--jsx' flag is provided.
src/App.tsx(1152,241): error TS17004: Cannot use JSX unless the '--jsx' flag is provided.
src/App.tsx(1153,13): error TS17004: Cannot use JSX unless the '--jsx' flag is provided.
src/App.tsx(1155,11): error TS17004: Cannot use JSX unless the '--jsx' flag is provided.
src/App.tsx(1156,13): error TS17004: Cannot use JSX unless the '--jsx' flag is provided.
src/App.tsx(1156,191): error TS17004: Cannot use JSX unless the '--jsx' flag is provided.
src/App.tsx(1156,248): error TS17004: Cannot use JSX unless the '--jsx' flag is provided.
src/App.tsx(1157,13): error TS17004: Cannot use JSX unless the '--jsx' flag is provided.
src/App.tsx(1159,11): error TS17004: Cannot use JSX unless the '--jsx' flag is provided.
src/App.tsx(1160,13): error TS17004: Cannot use JSX unless the '--jsx' flag is provided.
src/App.tsx(1160,191): error TS17004: Cannot use JSX unless the '--jsx' flag is provided.
src/App.tsx(1160,230): error TS17004: Cannot use JSX unless the '--jsx' flag is provided.
src/App.tsx(1161,13): error TS17004: Cannot use JSX unless the '--jsx' flag is provided.
src/App.tsx(1166,7): error TS17004: Cannot use JSX unless the '--jsx' flag is provided.
src/App.tsx(1192,5): error TS17004: Cannot use JSX unless the '--jsx' flag is provided.
src/App.tsx(1193,7): error TS17004: Cannot use JSX unless the '--jsx' flag is provided.
src/App.tsx(1194,7): error TS17004: Cannot use JSX unless the '--jsx' flag is provided.
src/App.tsx(1196,7): error TS17004: Cannot use JSX unless the '--jsx' flag is provided.
src/App.tsx(1197,9): error TS17004: Cannot use JSX unless the '--jsx' flag is provided.
src/App.tsx(1198,11): error TS17004: Cannot use JSX unless the '--jsx' flag is provided.
src/App.tsx(1199,13): error TS17004: Cannot use JSX unless the '--jsx' flag is provided.
src/App.tsx(1200,15): error TS17004: Cannot use JSX unless the '--jsx' flag is provided.
src/App.tsx(1202,13): error TS17004: Cannot use JSX unless the '--jsx' flag is provided.
src/App.tsx(1203,15): error TS17004: Cannot use JSX unless the '--jsx' flag is provided.
src/App.tsx(1206,11): error TS17004: Cannot use JSX unless the '--jsx' flag is provided.
src/App.tsx(1207,13): error TS17004: Cannot use JSX unless the '--jsx' flag is provided.
src/App.tsx(1208,13): error TS17004: Cannot use JSX unless the '--jsx' flag is provided.
src/App.tsx(1212,9): error TS17004: Cannot use JSX unless the '--jsx' flag is provided.
src/App.tsx(1213,11): error TS17004: Cannot use JSX unless the '--jsx' flag is provided.
src/App.tsx(1214,13): error TS17004: Cannot use JSX unless the '--jsx' flag is provided.
src/App.tsx(1215,15): error TS17004: Cannot use JSX unless the '--jsx' flag is provided.
src/App.tsx(1218,11): error TS17004: Cannot use JSX unless the '--jsx' flag is provided.
src/App.tsx(1219,13): error TS17004: Cannot use JSX unless the '--jsx' flag is provided.
src/App.tsx(1220,13): error TS17004: Cannot use JSX unless the '--jsx' flag is provided.
src/App.tsx(1224,9): error TS17004: Cannot use JSX unless the '--jsx' flag is provided.
src/App.tsx(1225,11): error TS17004: Cannot use JSX unless the '--jsx' flag is provided.
src/App.tsx(1226,13): error TS17004: Cannot use JSX unless the '--jsx' flag is provided.
src/App.tsx(1227,15): error TS17004: Cannot use JSX unless the '--jsx' flag is provided.
src/App.tsx(1230,11): error TS17004: Cannot use JSX unless the '--jsx' flag is provided.
src/App.tsx(1231,13): error TS17004: Cannot use JSX unless the '--jsx' flag is provided.
src/App.tsx(1232,13): error TS17004: Cannot use JSX unless the '--jsx' flag is provided.
src/App.tsx(1237,7): error TS17004: Cannot use JSX unless the '--jsx' flag is provided.
src/App.tsx(1238,9): error TS17004: Cannot use JSX unless the '--jsx' flag is provided.
src/App.tsx(1239,11): error TS17004: Cannot use JSX unless the '--jsx' flag is provided.
src/App.tsx(1240,11): error TS17004: Cannot use JSX unless the '--jsx' flag is provided.
src/App.tsx(1241,13): error TS17004: Cannot use JSX unless the '--jsx' flag is provided.
src/App.tsx(1242,15): error TS17004: Cannot use JSX unless the '--jsx' flag is provided.
src/App.tsx(1243,17): error TS17004: Cannot use JSX unless the '--jsx' flag is provided.
src/App.tsx(1244,19): error TS17004: Cannot use JSX unless the '--jsx' flag is provided.
src/App.tsx(1245,21): error TS17004: Cannot use JSX unless the '--jsx' flag is provided.
src/App.tsx(1246,21): error TS17004: Cannot use JSX unless the '--jsx' flag is provided.
src/App.tsx(1249,17): error TS17004: Cannot use JSX unless the '--jsx' flag is provided.
src/App.tsx(1250,17): error TS17004: Cannot use JSX unless the '--jsx' flag is provided.
src/App.tsx(1251,17): error TS17004: Cannot use JSX unless the '--jsx' flag is provided.
src/App.tsx(1252,17): error TS17004: Cannot use JSX unless the '--jsx' flag is provided.
src/App.tsx(1256,17): error TS17004: Cannot use JSX unless the '--jsx' flag is provided.
src/App.tsx(1262,9): error TS17004: Cannot use JSX unless the '--jsx' flag is provided.
src/App.tsx(1263,11): error TS17004: Cannot use JSX unless the '--jsx' flag is provided.
src/App.tsx(1264,11): error TS17004: Cannot use JSX unless the '--jsx' flag is provided.
src/App.tsx(1265,13): error TS17004: Cannot use JSX unless the '--jsx' flag is provided.
src/App.tsx(1266,15): error TS17004: Cannot use JSX unless the '--jsx' flag is provided.
src/App.tsx(1267,17): error TS17004: Cannot use JSX unless the '--jsx' flag is provided.
src/App.tsx(1268,17): error TS17004: Cannot use JSX unless the '--jsx' flag is provided.
src/App.tsx(1269,17): error TS17004: Cannot use JSX unless the '--jsx' flag is provided.
src/App.tsx(1270,17): error TS17004: Cannot use JSX unless the '--jsx' flag is provided.
src/App.tsx(1275,17): error TS17004: Cannot use JSX unless the '--jsx' flag is provided.
src/App.tsx(1277,21): error TS17004: Cannot use JSX unless the '--jsx' flag is provided.
src/App.tsx(1287,9): error TS17004: Cannot use JSX unless the '--jsx' flag is provided.
src/App.tsx(1288,11): error TS17004: Cannot use JSX unless the '--jsx' flag is provided.
src/App.tsx(1289,11): error TS17004: Cannot use JSX unless the '--jsx' flag is provided.
src/App.tsx(1290,13): error TS17004: Cannot use JSX unless the '--jsx' flag is provided.
src/App.tsx(1291,15): error TS17004: Cannot use JSX unless the '--jsx' flag is provided.
src/App.tsx(1292,17): error TS17004: Cannot use JSX unless the '--jsx' flag is provided.
src/App.tsx(1293,19): error TS17004: Cannot use JSX unless the '--jsx' flag is provided.
src/App.tsx(1294,19): error TS17004: Cannot use JSX unless the '--jsx' flag is provided.
src/App.tsx(1295,19): error TS17004: Cannot use JSX unless the '--jsx' flag is provided.
src/App.tsx(1296,19): error TS17004: Cannot use JSX unless the '--jsx' flag is provided.
src/App.tsx(1299,15): error TS17004: Cannot use JSX unless the '--jsx' flag is provided.
src/App.tsx(1301,19): error TS17004: Cannot use JSX unless the '--jsx' flag is provided.
src/App.tsx(1302,21): error TS17004: Cannot use JSX unless the '--jsx' flag is provided.
src/App.tsx(1302,42): error TS17004: Cannot use JSX unless the '--jsx' flag is provided.
src/App.tsx(1303,21): error TS17004: Cannot use JSX unless the '--jsx' flag is provided.
src/App.tsx(1304,21): error TS17004: Cannot use JSX unless the '--jsx' flag is provided.
src/App.tsx(1305,21): error TS17004: Cannot use JSX unless the '--jsx' flag is provided.
src/App.tsx(1324,11): error TS2304: Cannot find name 'window'.
src/App.tsx(1331,5): error TS2304: Cannot find name 'window'.
src/App.tsx(1332,18): error TS2304: Cannot find name 'window'.
src/App.tsx(1336,5): error TS2304: Cannot find name 'window'.
src/App.tsx(1343,5): error TS17004: Cannot use JSX unless the '--jsx' flag is provided.
src/App.tsx(1345,9): error TS17004: Cannot use JSX unless the '--jsx' flag is provided.
src/App.tsx(1353,11): error TS17004: Cannot use JSX unless the '--jsx' flag is provided.
src/App.tsx(1364,5): error TS17004: Cannot use JSX unless the '--jsx' flag is provided.
src/App.tsx(1365,7): error TS17004: Cannot use JSX unless the '--jsx' flag is provided.
src/App.tsx(1366,9): error TS17004: Cannot use JSX unless the '--jsx' flag is provided.
src/App.tsx(1369,7): error TS17004: Cannot use JSX unless the '--jsx' flag is provided.
src/App.tsx(1371,7): error TS17004: Cannot use JSX unless the '--jsx' flag is provided.
src/App.tsx(1372,9): error TS17004: Cannot use JSX unless the '--jsx' flag is provided.
src/App.tsx(1374,13): error TS17004: Cannot use JSX unless the '--jsx' flag is provided.
src/App.tsx(1375,15): error TS17004: Cannot use JSX unless the '--jsx' flag is provided.
src/App.tsx(1376,15): error TS17004: Cannot use JSX unless the '--jsx' flag is provided.
src/App.tsx(1377,15): error TS17004: Cannot use JSX unless the '--jsx' flag is provided.
src/App.tsx(1381,15): error TS17004: Cannot use JSX unless the '--jsx' flag is provided.
src/App.tsx(1382,17): error TS17004: Cannot use JSX unless the '--jsx' flag is provided.
src/App.tsx(1383,19): error TS17004: Cannot use JSX unless the '--jsx' flag is provided.
src/App.tsx(1385,17): error TS17004: Cannot use JSX unless the '--jsx' flag is provided.
src/App.tsx(1386,19): error TS17004: Cannot use JSX unless the '--jsx' flag is provided.
src/App.tsx(1387,19): error TS17004: Cannot use JSX unless the '--jsx' flag is provided.
src/App.tsx(1388,21): error TS17004: Cannot use JSX unless the '--jsx' flag is provided.
src/App.tsx(1389,21): error TS17004: Cannot use JSX unless the '--jsx' flag is provided.
src/App.tsx(1397,17): error TS17004: Cannot use JSX unless the '--jsx' flag is provided.
src/App.tsx(1398,19): error TS17004: Cannot use JSX unless the '--jsx' flag is provided.
src/App.tsx(1405,9): error TS17004: Cannot use JSX unless the '--jsx' flag is provided.
src/App.tsx(1406,11): error TS17004: Cannot use JSX unless the '--jsx' flag is provided.
src/App.tsx(1407,13): error TS17004: Cannot use JSX unless the '--jsx' flag is provided.
src/App.tsx(1408,13): error TS17004: Cannot use JSX unless the '--jsx' flag is provided.
src/App.tsx(1409,15): error TS17004: Cannot use JSX unless the '--jsx' flag is provided.
src/App.tsx(1410,17): error TS17004: Cannot use JSX unless the '--jsx' flag is provided.
src/App.tsx(1411,17): error TS17004: Cannot use JSX unless the '--jsx' flag is provided.
src/App.tsx(1413,15): error TS17004: Cannot use JSX unless the '--jsx' flag is provided.
src/App.tsx(1414,17): error TS17004: Cannot use JSX unless the '--jsx' flag is provided.
src/App.tsx(1415,17): error TS17004: Cannot use JSX unless the '--jsx' flag is provided.
src/App.tsx(1417,15): error TS17004: Cannot use JSX unless the '--jsx' flag is provided.
src/App.tsx(1418,15): error TS17004: Cannot use JSX unless the '--jsx' flag is provided.
src/App.tsx(1419,17): error TS17004: Cannot use JSX unless the '--jsx' flag is provided.
src/App.tsx(1420,17): error TS17004: Cannot use JSX unless the '--jsx' flag is provided.
src/App.tsx(1423,13): error TS17004: Cannot use JSX unless the '--jsx' flag is provided.
src/App.tsx(1424,30): error TS2304: Cannot find name 'alert'.
src/App.tsx(1428,15): error TS17004: Cannot use JSX unless the '--jsx' flag is provided.
src/App.tsx(1429,25): error TS17004: Cannot use JSX unless the '--jsx' flag is provided.
src/App.tsx(1431,15): error TS17004: Cannot use JSX unless the '--jsx' flag is provided.
src/App.tsx(1433,13): error TS17004: Cannot use JSX unless the '--jsx' flag is provided.
src/App.tsx(1434,15): error TS17004: Cannot use JSX unless the '--jsx' flag is provided.
src/App.tsx(1435,17): error TS17004: Cannot use JSX unless the '--jsx' flag is provided.
src/App.tsx(1436,17): error TS17004: Cannot use JSX unless the '--jsx' flag is provided.
src/App.tsx(1438,15): error TS17004: Cannot use JSX unless the '--jsx' flag is provided.
src/App.tsx(1439,17): error TS17004: Cannot use JSX unless the '--jsx' flag is provided.
src/App.tsx(1440,17): error TS17004: Cannot use JSX unless the '--jsx' flag is provided.
src/App.tsx(1442,15): error TS17004: Cannot use JSX unless the '--jsx' flag is provided.
src/App.tsx(1443,17): error TS17004: Cannot use JSX unless the '--jsx' flag is provided.
src/App.tsx(1444,17): error TS17004: Cannot use JSX unless the '--jsx' flag is provided.
src/App.tsx(1447,13): error TS17004: Cannot use JSX unless the '--jsx' flag is provided.
src/App.tsx(1448,15): error TS17004: Cannot use JSX unless the '--jsx' flag is provided.
src/App.tsx(1449,15): error TS17004: Cannot use JSX unless the '--jsx' flag is provided.
src/App.tsx(1450,15): error TS17004: Cannot use JSX unless the '--jsx' flag is provided.
src/App.tsx(1464,5): error TS17004: Cannot use JSX unless the '--jsx' flag is provided.
src/App.tsx(1475,7): error TS17004: Cannot use JSX unless the '--jsx' flag is provided.
src/App.tsx(1476,9): error TS17004: Cannot use JSX unless the '--jsx' flag is provided.
src/App.tsx(1477,11): error TS17004: Cannot use JSX unless the '--jsx' flag is provided.
src/App.tsx(1490,9): error TS17004: Cannot use JSX unless the '--jsx' flag is provided.
src/App.tsx(1495,11): error TS17004: Cannot use JSX unless the '--jsx' flag is provided.
src/App.tsx(1501,9): error TS17004: Cannot use JSX unless the '--jsx' flag is provided.
src/App.tsx(1503,13): error TS17004: Cannot use JSX unless the '--jsx' flag is provided.
src/App.tsx(1508,13): error TS17004: Cannot use JSX unless the '--jsx' flag is provided.
src/App.tsx(1515,7): error TS17004: Cannot use JSX unless the '--jsx' flag is provided.
src/App.tsx(1516,9): error TS17004: Cannot use JSX unless the '--jsx' flag is provided.
src/App.tsx(1517,11): error TS17004: Cannot use JSX unless the '--jsx' flag is provided.
src/App.tsx(1518,13): error TS17004: Cannot use JSX unless the '--jsx' flag is provided.
src/App.tsx(1519,13): error TS17004: Cannot use JSX unless the '--jsx' flag is provided.
src/App.tsx(1521,11): error TS17004: Cannot use JSX unless the '--jsx' flag is provided.
src/App.tsx(1523,9): error TS17004: Cannot use JSX unless the '--jsx' flag is provided.
src/App.tsx(1525,13): error TS17004: Cannot use JSX unless the '--jsx' flag is provided.
src/App.tsx(1527,11): error TS17004: Cannot use JSX unless the '--jsx' flag is provided.
src/App.tsx(1552,5): error TS17004: Cannot use JSX unless the '--jsx' flag is provided.
src/App.tsx(1553,7): error TS17004: Cannot use JSX unless the '--jsx' flag is provided.
src/App.tsx(1554,9): error TS17004: Cannot use JSX unless the '--jsx' flag is provided.
src/App.tsx(1555,11): error TS17004: Cannot use JSX unless the '--jsx' flag is provided.
src/App.tsx(1556,11): error TS17004: Cannot use JSX unless the '--jsx' flag is provided.
src/App.tsx(1558,15): error TS17004: Cannot use JSX unless the '--jsx' flag is provided.
src/App.tsx(1571,9): error TS17004: Cannot use JSX unless the '--jsx' flag is provided.
src/App.tsx(1572,11): error TS17004: Cannot use JSX unless the '--jsx' flag is provided.
src/App.tsx(1573,13): error TS17004: Cannot use JSX unless the '--jsx' flag is provided.
src/App.tsx(1574,13): error TS17004: Cannot use JSX unless the '--jsx' flag is provided.
src/App.tsx(1578,56): error TS2339: Property 'value' does not exist on type 'EventTarget & HTMLInputElement'.
src/App.tsx(1582,11): error TS17004: Cannot use JSX unless the '--jsx' flag is provided.
src/App.tsx(1586,13): error TS17004: Cannot use JSX unless the '--jsx' flag is provided.
src/App.tsx(1592,7): error TS17004: Cannot use JSX unless the '--jsx' flag is provided.
src/App.tsx(1593,9): error TS17004: Cannot use JSX unless the '--jsx' flag is provided.
src/App.tsx(1597,11): error TS17004: Cannot use JSX unless the '--jsx' flag is provided.
src/App.tsx(1599,15): error TS17004: Cannot use JSX unless the '--jsx' flag is provided.
src/App.tsx(1605,11): error TS17004: Cannot use JSX unless the '--jsx' flag is provided.
src/App.tsx(1606,13): error TS17004: Cannot use JSX unless the '--jsx' flag is provided.
src/App.tsx(1607,13): error TS17004: Cannot use JSX unless the '--jsx' flag is provided.
src/App.tsx(1608,13): error TS17004: Cannot use JSX unless the '--jsx' flag is provided.
src/App.tsx(1644,66): error TS2353: Object literal may only specify known properties, and 'cache' does not exist in type 'RequestInit'.
src/App.tsx(1649,30): error TS18046: 'data' is of type 'unknown'.
src/App.tsx(1651,50): error TS18046: 'data' is of type 'unknown'.
src/App.tsx(1652,52): error TS18046: 'data' is of type 'unknown'.
src/App.tsx(1653,40): error TS18046: 'data' is of type 'unknown'.
src/App.tsx(1668,7): error TS2304: Cannot find name 'window'.
src/App.tsx(1668,56): error TS2304: Cannot find name 'window'.
src/App.tsx(1704,5): error TS2584: Cannot find name 'document'. Do you need to change your target library? Try changing the 'lib' compiler option to include 'dom'.
src/App.tsx(1708,5): error TS2304: Cannot find name 'window'.
src/App.tsx(1722,5): error TS17004: Cannot use JSX unless the '--jsx' flag is provided.
src/App.tsx(1723,7): error TS17004: Cannot use JSX unless the '--jsx' flag is provided.
src/App.tsx(1731,7): error TS17004: Cannot use JSX unless the '--jsx' flag is provided.
src/App.tsx(1732,9): error TS17004: Cannot use JSX unless the '--jsx' flag is provided.
src/App.tsx(1734,13): error TS17004: Cannot use JSX unless the '--jsx' flag is provided.
src/App.tsx(1735,15): error TS17004: Cannot use JSX unless the '--jsx' flag is provided.
src/App.tsx(1736,15): error TS17004: Cannot use JSX unless the '--jsx' flag is provided.
src/App.tsx(1737,15): error TS17004: Cannot use JSX unless the '--jsx' flag is provided.
src/App.tsx(1740,15): error TS17004: Cannot use JSX unless the '--jsx' flag is provided.
src/App.tsx(1741,17): error TS17004: Cannot use JSX unless the '--jsx' flag is provided.
src/App.tsx(1742,17): error TS17004: Cannot use JSX unless the '--jsx' flag is provided.
src/App.tsx(1744,21): error TS17004: Cannot use JSX unless the '--jsx' flag is provided.
src/App.tsx(1745,23): error TS17004: Cannot use JSX unless the '--jsx' flag is provided.
src/App.tsx(1746,23): error TS17004: Cannot use JSX unless the '--jsx' flag is provided.
src/App.tsx(1747,25): error TS17004: Cannot use JSX unless the '--jsx' flag is provided.
src/App.tsx(1755,15): error TS17004: Cannot use JSX unless the '--jsx' flag is provided.
src/App.tsx(1757,17): error TS17004: Cannot use JSX unless the '--jsx' flag is provided.
src/App.tsx(1758,17): error TS17004: Cannot use JSX unless the '--jsx' flag is provided.
src/App.tsx(1759,17): error TS17004: Cannot use JSX unless the '--jsx' flag is provided.
src/App.tsx(1760,19): error TS17004: Cannot use JSX unless the '--jsx' flag is provided.
src/App.tsx(1760,74): error TS17004: Cannot use JSX unless the '--jsx' flag is provided.
src/App.tsx(1761,19): error TS17004: Cannot use JSX unless the '--jsx' flag is provided.
src/App.tsx(1762,19): error TS17004: Cannot use JSX unless the '--jsx' flag is provided.
src/App.tsx(1763,21): error TS17004: Cannot use JSX unless the '--jsx' flag is provided.
src/App.tsx(1764,21): error TS17004: Cannot use JSX unless the '--jsx' flag is provided.
src/App.tsx(1766,19): error TS17004: Cannot use JSX unless the '--jsx' flag is provided.
src/App.tsx(1767,21): error TS17004: Cannot use JSX unless the '--jsx' flag is provided.
src/App.tsx(1768,21): error TS17004: Cannot use JSX unless the '--jsx' flag is provided.
src/App.tsx(1775,31): error TS17004: Cannot use JSX unless the '--jsx' flag is provided.
src/App.tsx(1778,13): error TS17004: Cannot use JSX unless the '--jsx' flag is provided.
src/App.tsx(1779,15): error TS17004: Cannot use JSX unless the '--jsx' flag is provided.
src/App.tsx(1784,13): error TS17004: Cannot use JSX unless the '--jsx' flag is provided.
src/App.tsx(1785,15): error TS17004: Cannot use JSX unless the '--jsx' flag is provided.
src/App.tsx(1794,13): error TS17004: Cannot use JSX unless the '--jsx' flag is provided.
src/App.tsx(1795,15): error TS17004: Cannot use JSX unless the '--jsx' flag is provided.
src/App.tsx(1805,13): error TS17004: Cannot use JSX unless the '--jsx' flag is provided.
src/App.tsx(1806,15): error TS17004: Cannot use JSX unless the '--jsx' flag is provided.
src/App.tsx(1806,96): error TS2304: Cannot find name 'window'.
src/App.tsx(1811,13): error TS17004: Cannot use JSX unless the '--jsx' flag is provided.
src/App.tsx(1812,15): error TS17004: Cannot use JSX unless the '--jsx' flag is provided.
src/App.tsx(1813,15): error TS17004: Cannot use JSX unless the '--jsx' flag is provided.
src/App.tsx(1815,19): error TS17004: Cannot use JSX unless the '--jsx' flag is provided.
src/App.tsx(1816,21): error TS17004: Cannot use JSX unless the '--jsx' flag is provided.
src/App.tsx(1817,23): error TS17004: Cannot use JSX unless the '--jsx' flag is provided.
src/App.tsx(1819,21): error TS17004: Cannot use JSX unless the '--jsx' flag is provided.
src/App.tsx(1820,21): error TS17004: Cannot use JSX unless the '--jsx' flag is provided.
src/App.tsx(1821,21): error TS17004: Cannot use JSX unless the '--jsx' flag is provided.
src/App.tsx(1829,13): error TS17004: Cannot use JSX unless the '--jsx' flag is provided.
src/App.tsx(1830,15): error TS17004: Cannot use JSX unless the '--jsx' flag is provided.
src/App.tsx(1835,13): error TS17004: Cannot use JSX unless the '--jsx' flag is provided.
src/App.tsx(1836,15): error TS17004: Cannot use JSX unless the '--jsx' flag is provided.
src/App.tsx(1841,13): error TS17004: Cannot use JSX unless the '--jsx' flag is provided.
src/App.tsx(1842,15): error TS17004: Cannot use JSX unless the '--jsx' flag is provided.
src/App.tsx(1848,7): error TS17004: Cannot use JSX unless the '--jsx' flag is provided.
src/App.tsx(1850,7): error TS17004: Cannot use JSX unless the '--jsx' flag is provided.
src/components/ContactModal.tsx(55,26): error TS18046: 'data' is of type 'unknown'.
src/components/ContactModal.tsx(77,9): error TS17004: Cannot use JSX unless the '--jsx' flag is provided.
src/components/ContactModal.tsx(79,17): error TS17004: Cannot use JSX unless the '--jsx' flag is provided.
src/components/ContactModal.tsx(86,21): error TS17004: Cannot use JSX unless the '--jsx' flag is provided.
src/components/ContactModal.tsx(92,25): error TS17004: Cannot use JSX unless the '--jsx' flag is provided.
src/components/ContactModal.tsx(97,29): error TS17004: Cannot use JSX unless the '--jsx' flag is provided.
src/components/ContactModal.tsx(100,25): error TS17004: Cannot use JSX unless the '--jsx' flag is provided.
src/components/ContactModal.tsx(101,25): error TS17004: Cannot use JSX unless the '--jsx' flag is provided.
src/components/ContactModal.tsx(104,29): error TS17004: Cannot use JSX unless the '--jsx' flag is provided.
src/components/ContactModal.tsx(109,33): error TS17004: Cannot use JSX unless the '--jsx' flag is provided.
src/components/ContactModal.tsx(110,33): error TS17004: Cannot use JSX unless the '--jsx' flag is provided.
src/components/ContactModal.tsx(111,33): error TS17004: Cannot use JSX unless the '--jsx' flag is provided.
src/components/ContactModal.tsx(114,29): error TS17004: Cannot use JSX unless the '--jsx' flag is provided.
src/components/ContactModal.tsx(115,33): error TS17004: Cannot use JSX unless the '--jsx' flag is provided.
src/components/ContactModal.tsx(116,37): error TS17004: Cannot use JSX unless the '--jsx' flag is provided.
src/components/ContactModal.tsx(123,99): error TS2339: Property 'value' does not exist on type 'EventTarget & HTMLInputElement'.
src/components/ContactModal.tsx(126,37): error TS17004: Cannot use JSX unless the '--jsx' flag is provided.
src/components/ContactModal.tsx(132,100): error TS2339: Property 'value' does not exist on type 'EventTarget & HTMLInputElement'.
src/components/ContactModal.tsx(136,33): error TS17004: Cannot use JSX unless the '--jsx' flag is provided.
src/components/ContactModal.tsx(141,96): error TS2339: Property 'value' does not exist on type 'EventTarget & HTMLInputElement'.
src/components/ContactModal.tsx(144,33): error TS17004: Cannot use JSX unless the '--jsx' flag is provided.
src/components/ContactModal.tsx(151,98): error TS2339: Property 'value' does not exist on type 'EventTarget & HTMLTextAreaElement'.
src/components/ContactModal.tsx(156,37): error TS17004: Cannot use JSX unless the '--jsx' flag is provided.
src/components/ContactModal.tsx(161,41): error TS17004: Cannot use JSX unless the '--jsx' flag is provided.
src/components/ContactModal.tsx(166,33): error TS17004: Cannot use JSX unless the '--jsx' flag is provided.
src/components/ContactModal.tsx(171,79): error TS17004: Cannot use JSX unless the '--jsx' flag is provided.
src/components/NewsletterPopup.tsx(4,31): error TS2307: Cannot find module '@/lib/api' or its corresponding type declarations.
src/components/NewsletterPopup.tsx(48,5): error TS17004: Cannot use JSX unless the '--jsx' flag is provided.
src/components/NewsletterPopup.tsx(50,9): error TS17004: Cannot use JSX unless the '--jsx' flag is provided.
src/components/NewsletterPopup.tsx(56,11): error TS17004: Cannot use JSX unless the '--jsx' flag is provided.
src/components/NewsletterPopup.tsx(62,13): error TS17004: Cannot use JSX unless the '--jsx' flag is provided.
src/components/NewsletterPopup.tsx(66,15): error TS17004: Cannot use JSX unless the '--jsx' flag is provided.
src/components/NewsletterPopup.tsx(70,15): error TS17004: Cannot use JSX unless the '--jsx' flag is provided.
src/components/NewsletterPopup.tsx(71,17): error TS17004: Cannot use JSX unless the '--jsx' flag is provided.
src/components/NewsletterPopup.tsx(72,19): error TS17004: Cannot use JSX unless the '--jsx' flag is provided.
src/components/NewsletterPopup.tsx(75,19): error TS17004: Cannot use JSX unless the '--jsx' flag is provided.
src/components/NewsletterPopup.tsx(78,19): error TS17004: Cannot use JSX unless the '--jsx' flag is provided.
src/components/NewsletterPopup.tsx(83,17): error TS17004: Cannot use JSX unless the '--jsx' flag is provided.
src/components/NewsletterPopup.tsx(84,19): error TS17004: Cannot use JSX unless the '--jsx' flag is provided.
src/components/NewsletterPopup.tsx(88,56): error TS2339: Property 'value' does not exist on type 'EventTarget & HTMLInputElement'.
src/components/NewsletterPopup.tsx(93,21): error TS17004: Cannot use JSX unless the '--jsx' flag is provided.
src/components/NewsletterPopup.tsx(95,19): error TS17004: Cannot use JSX unless the '--jsx' flag is provided.
src/components/NewsletterPopup.tsx(101,23): error TS17004: Cannot use JSX unless the '--jsx' flag is provided.
src/components/NewsletterPopup.tsx(102,25): error TS17004: Cannot use JSX unless the '--jsx' flag is provided.
src/components/NewsletterPopup.tsx(111,17): error TS17004: Cannot use JSX unless the '--jsx' flag is provided.
src/components/NewsletterPopup.tsx(116,15): error TS17004: Cannot use JSX unless the '--jsx' flag is provided.
src/components/NewsletterPopup.tsx(117,17): error TS17004: Cannot use JSX unless the '--jsx' flag is provided.
src/components/NewsletterPopup.tsx(118,19): error TS17004: Cannot use JSX unless the '--jsx' flag is provided.
src/components/NewsletterPopup.tsx(120,17): error TS17004: Cannot use JSX unless the '--jsx' flag is provided.
src/components/NewsletterPopup.tsx(121,17): error TS17004: Cannot use JSX unless the '--jsx' flag is provided.
src/components/SearchFilters.tsx(3,29): error TS2307: Cannot find module '@/hooks/useFetch' or its corresponding type declarations.
src/components/SearchFilters.tsx(4,20): error TS2307: Cannot find module '@/lib/utils' or its corresponding type declarations.
src/components/SearchFilters.tsx(66,29): error TS2339: Property 'value' does not exist on type 'EventTarget & HTMLInputElement'.
src/components/SearchFilters.tsx(67,53): error TS2339: Property 'value' does not exist on type 'EventTarget & HTMLInputElement'.
src/components/SearchFilters.tsx(104,5): error TS17004: Cannot use JSX unless the '--jsx' flag is provided.
src/components/SearchFilters.tsx(105,7): error TS17004: Cannot use JSX unless the '--jsx' flag is provided.
src/components/SearchFilters.tsx(106,9): error TS17004: Cannot use JSX unless the '--jsx' flag is provided.
src/components/SearchFilters.tsx(107,11): error TS17004: Cannot use JSX unless the '--jsx' flag is provided.
src/components/SearchFilters.tsx(108,11): error TS17004: Cannot use JSX unless the '--jsx' flag is provided.
src/components/SearchFilters.tsx(116,13): error TS17004: Cannot use JSX unless the '--jsx' flag is provided.
src/components/SearchFilters.tsx(120,15): error TS17004: Cannot use JSX unless the '--jsx' flag is provided.
src/components/SearchFilters.tsx(125,9): error TS17004: Cannot use JSX unless the '--jsx' flag is provided.
src/components/SearchFilters.tsx(134,11): error TS17004: Cannot use JSX unless the '--jsx' flag is provided.
src/components/SearchFilters.tsx(135,11): error TS17004: Cannot use JSX unless the '--jsx' flag is provided.
src/components/SearchFilters.tsx(137,13): error TS17004: Cannot use JSX unless the '--jsx' flag is provided.
src/components/SearchFilters.tsx(141,21): error TS17004: Cannot use JSX unless the '--jsx' flag is provided.
src/components/SearchFilters.tsx(141,57): error TS17004: Cannot use JSX unless the '--jsx' flag is provided.
src/components/SearchFilters.tsx(146,9): error TS17004: Cannot use JSX unless the '--jsx' flag is provided.
src/components/SearchFilters.tsx(147,11): error TS17004: Cannot use JSX unless the '--jsx' flag is provided.
src/components/SearchFilters.tsx(148,13): error TS17004: Cannot use JSX unless the '--jsx' flag is provided.
src/components/SearchFilters.tsx(150,15): error TS17004: Cannot use JSX unless the '--jsx' flag is provided.
src/components/SearchFilters.tsx(159,11): error TS17004: Cannot use JSX unless the '--jsx' flag is provided.
src/components/SearchFilters.tsx(160,13): error TS17004: Cannot use JSX unless the '--jsx' flag is provided.
src/components/SearchFilters.tsx(161,13): error TS17004: Cannot use JSX unless the '--jsx' flag is provided.
src/components/SearchFilters.tsx(163,17): error TS17004: Cannot use JSX unless the '--jsx' flag is provided.
src/components/SearchFilters.tsx(179,11): error TS17004: Cannot use JSX unless the '--jsx' flag is provided.
src/components/SearchFilters.tsx(180,13): error TS17004: Cannot use JSX unless the '--jsx' flag is provided.
src/components/SearchFilters.tsx(181,13): error TS17004: Cannot use JSX unless the '--jsx' flag is provided.
src/components/SearchFilters.tsx(183,17): error TS17004: Cannot use JSX unless the '--jsx' flag is provided.
src/components/SearchFilters.tsx(199,11): error TS17004: Cannot use JSX unless the '--jsx' flag is provided.
src/components/SearchFilters.tsx(200,13): error TS17004: Cannot use JSX unless the '--jsx' flag is provided.
src/components/SearchFilters.tsx(201,13): error TS17004: Cannot use JSX unless the '--jsx' flag is provided.
src/components/SearchFilters.tsx(203,17): error TS17004: Cannot use JSX unless the '--jsx' flag is provided.
src/components/SEO.tsx(28,5): error TS2584: Cannot find name 'document'. Do you need to change your target library? Try changing the 'lib' compiler option to include 'dom'.
src/components/SEO.tsx(53,26): error TS2584: Cannot find name 'document'. Do you need to change your target library? Try changing the 'lib' compiler option to include 'dom'.
src/components/SEO.tsx(54,27): error TS7006: Parameter 'meta' implicitly has an 'any' type.
src/components/SEO.tsx(63,20): error TS2584: Cannot find name 'document'. Do you need to change your target library? Try changing the 'lib' compiler option to include 'dom'.
src/components/SEO.tsx(67,7): error TS2584: Cannot find name 'document'. Do you need to change your target library? Try changing the 'lib' compiler option to include 'dom'.
src/components/SEO.tsx(73,9): error TS2584: Cannot find name 'document'. Do you need to change your target library? Try changing the 'lib' compiler option to include 'dom'.
src/components/SEO.tsx(81,20): error TS2584: Cannot find name 'document'. Do you need to change your target library? Try changing the 'lib' compiler option to include 'dom'.
src/components/SEO.tsx(84,5): error TS2584: Cannot find name 'document'. Do you need to change your target library? Try changing the 'lib' compiler option to include 'dom'.
src/components/Skeleton.tsx(1,20): error TS2307: Cannot find module '@/lib/utils' or its corresponding type declarations.
src/components/Skeleton.tsx(9,5): error TS17004: Cannot use JSX unless the '--jsx' flag is provided.
src/components/Skeleton.tsx(20,5): error TS17004: Cannot use JSX unless the '--jsx' flag is provided.
src/components/Skeleton.tsx(21,7): error TS17004: Cannot use JSX unless the '--jsx' flag is provided.
src/components/Skeleton.tsx(22,7): error TS17004: Cannot use JSX unless the '--jsx' flag is provided.
src/components/Skeleton.tsx(23,9): error TS17004: Cannot use JSX unless the '--jsx' flag is provided.
src/components/Skeleton.tsx(24,11): error TS17004: Cannot use JSX unless the '--jsx' flag is provided.
src/components/Skeleton.tsx(25,11): error TS17004: Cannot use JSX unless the '--jsx' flag is provided.
src/components/Skeleton.tsx(27,9): error TS17004: Cannot use JSX unless the '--jsx' flag is provided.
src/components/Skeleton.tsx(35,5): error TS17004: Cannot use JSX unless the '--jsx' flag is provided.
src/components/Skeleton.tsx(37,9): error TS17004: Cannot use JSX unless the '--jsx' flag is provided.
src/components/Skeleton.tsx(45,5): error TS17004: Cannot use JSX unless the '--jsx' flag is provided.
src/components/Skeleton.tsx(46,7): error TS17004: Cannot use JSX unless the '--jsx' flag is provided.
src/components/Skeleton.tsx(47,9): error TS17004: Cannot use JSX unless the '--jsx' flag is provided.
src/components/Skeleton.tsx(48,9): error TS17004: Cannot use JSX unless the '--jsx' flag is provided.
src/components/Skeleton.tsx(49,9): error TS17004: Cannot use JSX unless the '--jsx' flag is provided.
src/components/Skeleton.tsx(50,9): error TS17004: Cannot use JSX unless the '--jsx' flag is provided.
src/components/Skeleton.tsx(51,11): error TS17004: Cannot use JSX unless the '--jsx' flag is provided.
src/components/Skeleton.tsx(52,11): error TS17004: Cannot use JSX unless the '--jsx' flag is provided.
src/components/Skeleton.tsx(61,5): error TS17004: Cannot use JSX unless the '--jsx' flag is provided.
src/components/Skeleton.tsx(62,7): error TS17004: Cannot use JSX unless the '--jsx' flag is provided.
src/components/Skeleton.tsx(63,9): error TS17004: Cannot use JSX unless the '--jsx' flag is provided.
src/components/Skeleton.tsx(64,11): error TS17004: Cannot use JSX unless the '--jsx' flag is provided.
src/components/Skeleton.tsx(65,11): error TS17004: Cannot use JSX unless the '--jsx' flag is provided.
src/components/Skeleton.tsx(67,15): error TS17004: Cannot use JSX unless the '--jsx' flag is provided.
src/components/Skeleton.tsx(71,9): error TS17004: Cannot use JSX unless the '--jsx' flag is provided.
src/components/Skeleton.tsx(72,11): error TS17004: Cannot use JSX unless the '--jsx' flag is provided.
src/components/Skeleton.tsx(73,11): error TS17004: Cannot use JSX unless the '--jsx' flag is provided.
src/components/Skeleton.tsx(74,11): error TS17004: Cannot use JSX unless the '--jsx' flag is provided.
src/components/Skeleton.tsx(75,11): error TS17004: Cannot use JSX unless the '--jsx' flag is provided.
src/components/Skeleton.tsx(76,11): error TS17004: Cannot use JSX unless the '--jsx' flag is provided.
src/components/Skeleton.tsx(77,11): error TS17004: Cannot use JSX unless the '--jsx' flag is provided.
src/components/Skeleton.tsx(78,11): error TS17004: Cannot use JSX unless the '--jsx' flag is provided.
src/components/Skeleton.tsx(80,15): error TS17004: Cannot use JSX unless the '--jsx' flag is provided.
src/components/Skeleton.tsx(91,5): error TS17004: Cannot use JSX unless the '--jsx' flag is provided.
src/components/Skeleton.tsx(92,7): error TS17004: Cannot use JSX unless the '--jsx' flag is provided.
src/components/Skeleton.tsx(93,7): error TS17004: Cannot use JSX unless the '--jsx' flag is provided.
src/components/Skeleton.tsx(94,9): error TS17004: Cannot use JSX unless the '--jsx' flag is provided.
src/components/Skeleton.tsx(95,9): error TS17004: Cannot use JSX unless the '--jsx' flag is provided.
src/components/Skeleton.tsx(96,9): error TS17004: Cannot use JSX unless the '--jsx' flag is provided.
src/components/Skeleton.tsx(97,9): error TS17004: Cannot use JSX unless the '--jsx' flag is provided.
src/components/Skeleton.tsx(98,9): error TS17004: Cannot use JSX unless the '--jsx' flag is provided.
src/context/AuthContext.tsx(2,80): error TS2307: Cannot find module '@/lib/api' or its corresponding type declarations.
src/context/AuthContext.tsx(85,5): error TS17004: Cannot use JSX unless the '--jsx' flag is provided.
src/hooks/useFetch.ts(66,20): error TS2304: Cannot find name 'window'.
src/hooks/useFetch.ts(77,7): error TS2304: Cannot find name 'window'.
src/hooks/useFetch.ts(90,19): error TS2304: Cannot find name 'window'.
src/hooks/useFetch.ts(93,26): error TS2304: Cannot find name 'MediaQueryListEvent'.
src/hooks/useFetch.ts(107,39): error TS2339: Property 'contains' does not exist on type 'T'.
src/hooks/useFetch.ts(107,64): error TS2304: Cannot find name 'Node'.
src/hooks/useFetch.ts(113,5): error TS2584: Cannot find name 'document'. Do you need to change your target library? Try changing the 'lib' compiler option to include 'dom'.
src/hooks/useFetch.ts(114,5): error TS2584: Cannot find name 'document'. Do you need to change your target library? Try changing the 'lib' compiler option to include 'dom'.
src/hooks/useFetch.ts(117,7): error TS2584: Cannot find name 'document'. Do you need to change your target library? Try changing the 'lib' compiler option to include 'dom'.
src/hooks/useFetch.ts(118,7): error TS2584: Cannot find name 'document'. Do you need to change your target library? Try changing the 'lib' compiler option to include 'dom'.
src/index.ts(7,44): error TS2307: Cannot find module 'ws' or its corresponding type declarations.
src/index.ts(88,23): error TS7006: Parameter 'ws' implicitly has an 'any' type.
src/index.ts(88,27): error TS7006: Parameter 'req' implicitly has an 'any' type.
src/index.ts(93,21): error TS7006: Parameter 'data' implicitly has an 'any' type.
src/index.ts(128,24): error TS7006: Parameter 'client' implicitly has an 'any' type.
src/lib/api.ts(1,34): error TS2339: Property 'env' does not exist on type 'ImportMeta'.
src/lib/api.ts(50,18): error TS2304: Cannot find name 'HeadersInit'.
src/lib/api.ts(67,7): error TS18046: 'errorData' is of type 'unknown'.
src/lib/api.ts(67,35): error TS18046: 'errorData' is of type 'unknown'.
src/lib/api.ts(78,10): error TS18046: 'data' is of type 'unknown'.
src/main.tsx(3,17): error TS5097: An import path can only end with a '.tsx' extension when 'allowImportingTsExtensions' is enabled.
src/main.tsx(3,17): error TS6142: Module './App.tsx' was resolved to 'C:/Users/uditk/OneDrive/Desktop/New folder/Veloce Website/src/App.tsx', but '--jsx' is not set.
src/main.tsx(6,12): error TS2584: Cannot find name 'document'. Do you need to change your target library? Try changing the 'lib' compiler option to include 'dom'.
src/main.tsx(7,3): error TS17004: Cannot use JSX unless the '--jsx' flag is provided.
src/main.tsx(8,5): error TS17004: Cannot use JSX unless the '--jsx' flag is provided.
src/routes/analytics.ts(9,26): error TS2769: No overload matches this call.
  The last overload gave the following error.
    Argument of type '(req: Request, res: Response) => void' is not assignable to parameter of type 'Application<Record<string, any>>'.
      Type '(req: Request, res: Response) => void' is missing the following properties from type 'Application<Record<string, any>>': init, defaultConfiguration, engine, set, and 63 more.
src/routes/analytics.ts(10,11): error TS2339: Property 'path' does not exist on type 'ReadableStream<any> | null'.
src/routes/analytics.ts(11,18): error TS2339: Property 'ip' does not exist on type 'Request'.
src/routes/analytics.ts(11,28): error TS2339: Property 'socket' does not exist on type 'Request'.
src/routes/analytics.ts(12,21): error TS7052: Element implicitly has an 'any' type because type 'Headers' has no index signature. Did you mean to call 'req.headers.get'?
src/routes/analytics.ts(22,16): error TS7052: Element implicitly has an 'any' type because type 'Headers' has no index signature. Did you mean to call 'req.headers.get'?
src/routes/analytics.ts(26,7): error TS2349: This expression is not callable.
  Type 'Number' has no call signatures.
src/routes/analytics.ts(29,23): error TS2769: No overload matches this call.
  The last overload gave the following error.
    Argument of type '(req: Request, res: Response) => void' is not assignable to parameter of type 'Application<Record<string, any>>'.
      Type '(req: Request, res: Response) => void' is missing the following properties from type 'Application<Record<string, any>>': init, defaultConfiguration, engine, set, and 63 more.
src/routes/analytics.ts(30,11): error TS2339: Property 'elementId' does not exist on type 'ReadableStream<any> | null'.
src/routes/analytics.ts(31,18): error TS2339: Property 'ip' does not exist on type 'Request'.
src/routes/analytics.ts(31,28): error TS2339: Property 'socket' does not exist on type 'Request'.
src/routes/analytics.ts(41,7): error TS2349: This expression is not callable.
  Type 'Number' has no call signatures.
src/routes/analytics.ts(44,22): error TS2769: No overload matches this call.
  The last overload gave the following error.
    Argument of type '(req: Request, res: Response) => void' is not assignable to parameter of type 'Application<Record<string, any>>'.
      Type '(req: Request, res: Response) => void' is missing the following properties from type 'Application<Record<string, any>>': init, defaultConfiguration, engine, set, and 63 more.
src/routes/analytics.ts(45,21): error TS7052: Element implicitly has an 'any' type because type 'Headers' has no index signature. Did you mean to call 'req.headers.get'?
src/routes/analytics.ts(52,7): error TS2349: This expression is not callable.
  Type 'Number' has no call signatures.
src/routes/analytics.ts(55,22): error TS2769: No overload matches this call.
  The last overload gave the following error.
    Argument of type '(req: Request, res: Response) => void' is not assignable to parameter of type 'Application<Record<string, any>>'.
      Type '(req: Request, res: Response) => void' is missing the following properties from type 'Application<Record<string, any>>': init, defaultConfiguration, engine, set, and 63 more.
src/routes/analytics.ts(76,12): error TS2554: Expected 0 arguments, but got 1.
src/routes/cart.ts(8,31): error TS2769: No overload matches this call.
  The last overload gave the following error.
    Argument of type '(req: AuthRequest, res: Response) => void' is not assignable to parameter of type 'RequestHandlerParams<ParamsDictionary, any, any, ParsedQs, Record<string, any>>'.
      Type '(req: AuthRequest, res: Response) => void' is not assignable to type 'RequestHandler<ParamsDictionary, any, any, ParsedQs, Record<string, any>>'.
        Types of parameters 'res' and 'res' are incompatible.
          Type 'Response<any, Record<string, any>, number>' is missing the following properties from type 'Response': headers, ok, statusText, url, and 8 more.
src/routes/cart.ts(11,12): error TS2554: Expected 0 arguments, but got 1.
src/routes/cart.ts(14,32): error TS2769: No overload matches this call.
  The last overload gave the following error.
    Argument of type '(req: AuthRequest, res: Response) => any' is not assignable to parameter of type 'RequestHandlerParams<ParamsDictionary, any, any, ParsedQs, Record<string, any>>'.
      Type '(req: AuthRequest, res: Response) => any' is not assignable to type 'RequestHandler<ParamsDictionary, any, any, ParsedQs, Record<string, any>>'.
        Types of parameters 'res' and 'res' are incompatible.
          Type 'Response<any, Record<string, any>, number>' is missing the following properties from type 'Response': headers, ok, statusText, url, and 8 more.
src/routes/cart.ts(19,16): error TS2349: This expression is not callable.
  Type 'Number' has no call signatures.
src/routes/cart.ts(33,7): error TS2349: This expression is not callable.
  Type 'Number' has no call signatures.
src/routes/cart.ts(36,41): error TS2769: No overload matches this call.
  The last overload gave the following error.
    Argument of type '(req: AuthRequest, res: Response) => any' is not assignable to parameter of type 'RequestHandlerParams<ParamsDictionary, any, any, ParsedQs, Record<string, any>>'.
      Type '(req: AuthRequest, res: Response) => any' is not assignable to type 'RequestHandler<ParamsDictionary, any, any, ParsedQs, Record<string, any>>'.
        Types of parameters 'res' and 'res' are incompatible.
          Type 'Response<any, Record<string, any>, number>' is missing the following properties from type 'Response': headers, ok, statusText, url, and 8 more.
src/routes/cart.ts(45,16): error TS2349: This expression is not callable.
  Type 'Number' has no call signatures.
src/routes/cart.ts(56,12): error TS2554: Expected 0 arguments, but got 1.
src/routes/cart.ts(59,44): error TS2769: No overload matches this call.
  The last overload gave the following error.
    Argument of type '(req: AuthRequest, res: Response) => void' is not assignable to parameter of type 'RequestHandlerParams<ParamsDictionary, any, any, ParsedQs, Record<string, any>>'.
      Type '(req: AuthRequest, res: Response) => void' is not assignable to type 'RequestHandler<ParamsDictionary, any, any, ParsedQs, Record<string, any>>'.
        Types of parameters 'res' and 'res' are incompatible.
          Type 'Response<any, Record<string, any>, number>' is missing the following properties from type 'Response': headers, ok, statusText, url, and 8 more.
src/routes/cart.ts(69,12): error TS2554: Expected 0 arguments, but got 1.
src/routes/cart.ts(72,34): error TS2769: No overload matches this call.
  The last overload gave the following error.
    Argument of type '(req: AuthRequest, res: Response) => void' is not assignable to parameter of type 'RequestHandlerParams<ParamsDictionary, any, any, ParsedQs, Record<string, any>>'.
      Type '(req: AuthRequest, res: Response) => void' is not assignable to type 'RequestHandler<ParamsDictionary, any, any, ParsedQs, Record<string, any>>'.
        Types of parameters 'res' and 'res' are incompatible.
          Type 'Response<any, Record<string, any>, number>' is missing the following properties from type 'Response': headers, ok, statusText, url, and 8 more.
src/routes/cart.ts(75,12): error TS2554: Expected 0 arguments, but got 1.
src/routes/contact.ts(26,3): error TS2769: No overload matches this call.
  The last overload gave the following error.
    Argument of type '(req: Request, res: Response, next: NextFunction) => void' is not assignable to parameter of type 'RequestHandlerParams<Record<string, any> | undefined, any, any, ParsedQs, Record<string, any>>'.
      Type '(req: Request, res: Response, next: NextFunction) => void' is not assignable to type 'RequestHandler<Record<string, any> | undefined, any, any, ParsedQs, Record<string, any>>'.
        Types of parameters 'req' and 'req' are incompatible.
          Type 'Request<Record<string, any> | undefined, any, any, ParsedQs, Record<string, any>>' is missing the following properties from type 'Request': cache, credentials, destination, integrity, and 14 more.
src/routes/contact.ts(28,13): error TS2339: Property 'name' does not exist on type 'ReadableStream<any> | null'.
src/routes/contact.ts(28,19): error TS2339: Property 'email' does not exist on type 'ReadableStream<any> | null'.
src/routes/contact.ts(28,26): error TS2339: Property 'phone' does not exist on type 'ReadableStream<any> | null'.
src/routes/contact.ts(28,33): error TS2339: Property 'message' does not exist on type 'ReadableStream<any> | null'.
src/routes/contact.ts(28,42): error TS2339: Property 'type' does not exist on type 'ReadableStream<any> | null'.
src/routes/contact.ts(52,17): error TS2769: No overload matches this call.
  The last overload gave the following error.
    Argument of type '(req: Request, res: Response) => void' is not assignable to parameter of type 'Application<Record<string, any>>'.
      Type '(req: Request, res: Response<any, Record<string, any>>) => void' is missing the following properties from type 'Application<Record<string, any>>': init, defaultConfiguration, engine, set, and 63 more.
src/routes/coupons.ts(21,17): error TS2769: No overload matches this call.
  The last overload gave the following error.
    Argument of type '(req: Request, res: Response) => void' is not assignable to parameter of type 'Application<Record<string, any>>'.
      Type '(req: Request, res: Response<any, Record<string, any>>) => void' is missing the following properties from type 'Application<Record<string, any>>': init, defaultConfiguration, engine, set, and 63 more.
src/routes/coupons.ts(26,31): error TS2769: No overload matches this call.
  The last overload gave the following error.
    Argument of type '(req: Request, res: Response) => void' is not assignable to parameter of type 'Application<Record<string, any>>'.
      Type '(req: Request, res: Response<any, Record<string, any>>) => void' is missing the following properties from type 'Application<Record<string, any>>': init, defaultConfiguration, engine, set, and 63 more.
src/routes/coupons.ts(27,24): error TS2339: Property 'params' does not exist on type 'Request'.
src/routes/coupons.ts(28,28): error TS2339: Property 'query' does not exist on type 'Request'.
src/routes/coupons.ts(80,3): error TS2769: No overload matches this call.
  The last overload gave the following error.
    Argument of type '(req: Request, res: Response, next: NextFunction) => void' is not assignable to parameter of type 'RequestHandlerParams<Record<string, any> | undefined, any, any, ParsedQs, Record<string, any>>'.
      Type '(req: Request, res: Response, next: NextFunction) => void' is not assignable to type 'RequestHandler<Record<string, any> | undefined, any, any, ParsedQs, Record<string, any>>'.
        Types of parameters 'req' and 'req' are incompatible.
          Type 'Request<Record<string, any> | undefined, any, any, ParsedQs, Record<string, any>>' is missing the following properties from type 'Request': cache, credentials, destination, integrity, and 14 more.
src/routes/coupons.ts(82,13): error TS2339: Property 'code' does not exist on type 'ReadableStream<any> | null'.
src/routes/coupons.ts(82,19): error TS2339: Property 'type' does not exist on type 'ReadableStream<any> | null'.
src/routes/coupons.ts(82,25): error TS2339: Property 'value' does not exist on type 'ReadableStream<any> | null'.
src/routes/coupons.ts(82,32): error TS2339: Property 'minOrderValue' does not exist on type 'ReadableStream<any> | null'.
src/routes/coupons.ts(82,47): error TS2339: Property 'maxUses' does not exist on type 'ReadableStream<any> | null'.
src/routes/coupons.ts(84,33): error TS18047: 'req.body' is possibly 'null'.
src/routes/coupons.ts(84,42): error TS2339: Property 'validUntil' does not exist on type 'ReadableStream<any>'.
src/routes/newsletter.ts(22,3): error TS2769: No overload matches this call.
  The last overload gave the following error.
    Argument of type '(req: Request, res: Response, next: NextFunction) => void' is not assignable to parameter of type 'RequestHandlerParams<Record<string, any> | undefined, any, any, ParsedQs, Record<string, any>>'.
      Type '(req: Request, res: Response, next: NextFunction) => void' is not assignable to type 'RequestHandler<Record<string, any> | undefined, any, any, ParsedQs, Record<string, any>>'.
        Types of parameters 'req' and 'req' are incompatible.
          Type 'Request<Record<string, any> | undefined, any, any, ParsedQs, Record<string, any>>' is missing the following properties from type 'Request': cache, credentials, destination, integrity, and 14 more.
src/routes/newsletter.ts(24,13): error TS2339: Property 'email' does not exist on type 'ReadableStream<any> | null'.
src/routes/newsletter.ts(56,3): error TS2769: No overload matches this call.
  The last overload gave the following error.
    Argument of type '(req: Request, res: Response, next: NextFunction) => void' is not assignable to parameter of type 'RequestHandlerParams<Record<string, any> | undefined, any, any, ParsedQs, Record<string, any>>'.
      Type '(req: Request, res: Response, next: NextFunction) => void' is not assignable to type 'RequestHandler<Record<string, any> | undefined, any, any, ParsedQs, Record<string, any>>'.
        Types of parameters 'req' and 'req' are incompatible.
          Type 'Request<Record<string, any> | undefined, any, any, ParsedQs, Record<string, any>>' is missing the following properties from type 'Request': cache, credentials, destination, integrity, and 14 more.
src/routes/newsletter.ts(58,13): error TS2339: Property 'email' does not exist on type 'ReadableStream<any> | null'.
src/routes/newsletter.ts(77,22): error TS2769: No overload matches this call.
  The last overload gave the following error.
    Argument of type '(req: Request, res: Response) => void' is not assignable to parameter of type 'Application<Record<string, any>>'.
      Type '(req: Request, res: Response<any, Record<string, any>>) => void' is missing the following properties from type 'Application<Record<string, any>>': init, defaultConfiguration, engine, set, and 63 more.
src/routes/orders.ts(43,3): error TS2769: No overload matches this call.
  The last overload gave the following error.
    Argument of type '(req: Request, res: Response, next: NextFunction) => void' is not assignable to parameter of type 'RequestHandlerParams<ParamsDictionary, any, any, ParsedQs, Record<string, any>>'.
      Type '(req: Request, res: Response, next: NextFunction) => void' is not assignable to type 'RequestHandler<ParamsDictionary, any, any, ParsedQs, Record<string, any>>'.
        Types of parameters 'req' and 'req' are incompatible.
          Type 'Request<ParamsDictionary, any, any, ParsedQs, Record<string, any>>' is missing the following properties from type 'Request': cache, credentials, destination, integrity, and 14 more.
